Loading GSM8K training set...

[1/500] Q: Stefan goes to a restaurant to eat dinner with his family. They order an appetiz...
  GT: 108.0 | PDA: 108.0 | OK | Running: 1/1 (100.0%)

[2/500] Q: The gauge on a water tank shows that the tank is 1/3 full of water. To fill the ...
  GT: 24.0 | PDA: 24.0 | OK | Running: 2/2 (100.0%)

[3/500] Q: Ben has 8 apples more than Phillip does. Tom has three eighths as many apples at...
  GT: 18.0 | PDA: 18.0 | OK | Running: 3/3 (100.0%)

[4/500] Q: John wants to start a zoo.  He has 15 snakes.  He has twice as many monkeys as h...
  GT: 114.0 | PDA: 114.0 | OK | Running: 4/4 (100.0%)

[5/500] Q: A portable battery charger can fully charge a smartphone in 26 minutes or a tabl...
  GT: 66.0 | PDA: 66.0 | OK | Running: 5/5 (100.0%)

[6/500] Q: Darla needs to pay $4/watt of electricity for 300 watts of electricity, plus a $...
  GT: 1350.0 | PDA: 1.0 | WRONG | Running: 5/6 (83.3%)

[7/500] Q: There have been 15 "Where's Waldo?" books published. Each book has 30 puzzles to...
  GT: 1350.0 | PDA: 1350.0 | OK | Running: 6/7 (85.7%)

[8/500] Q: Bart makes a mixtape.  The first side has 6 songs.  The second side has 4 songs....
  GT: 40.0 | PDA: 40.0 | OK | Running: 7/8 (87.5%)

[9/500] Q: An old pirate wants to leave his treasure on an island. He has 3500 gold coins. ...
  GT: 1000.0 | PDA: 1000.0 | OK | Running: 8/9 (88.9%)

[10/500] Q: New York recorded 5000 new coronavirus cases on a particular week. In the second...
  GT: 9500.0 | PDA: 12000.0 | WRONG | Running: 8/10 (80.0%)

[11/500] Q: Brady will make $450 more in a year than Dwayne. If Dwayne makes $1,500 in a yea...
  GT: 3450.0 | PDA: 3450.0 | OK | Running: 9/11 (81.8%)

[12/500] Q: Carolyn is planning out her final essay. The introduction will be 450 words, the...
  GT: 800.0 | PDA: 800.0 | OK | Running: 10/12 (83.3%)

[13/500] Q: Marie has 98 unread messages on her phone. She decides to clear them by reading ...
  GT: 7.0 | PDA: 7.0 | OK | Running: 11/13 (84.6%)

[14/500] Q: Mitzel spent 35% of her allowance. If she spent $14, how much money is left in h...
  GT: 26.0 | PDA: 26.0 | OK | Running: 12/14 (85.7%)

[15/500] Q: Hank reads the newspaper every morning, 5 days a week for 30 minutes.  He reads ...
  GT: 810.0 | PDA: 810.0 | OK | Running: 13/15 (86.7%)

[16/500] Q: Arnold owns three cars. The first car averages 50 miles per gallon of gas. The s...
  GT: 56.0 | PDA: 56.0 | OK | Running: 14/16 (87.5%)

[17/500] Q: There are 180 students in ninth grade. 1/4 of them bombed their finals because t...
  GT: 70.0 | PDA: 70.0 | OK | Running: 15/17 (88.2%)

[18/500] Q: 4 friends are running a 4 x 100 relay race.  Mary ran first and took twice as lo...
  GT: 223.0 | PDA: 223.0 | OK | Running: 16/18 (88.9%)

[19/500] Q: Mr. Maximilian has a rental building that he collects rent from every month. The...
  GT: 360000.0 | PDA: 360000.0 | OK | Running: 17/19 (89.5%)

[20/500] Q: When Jason plays the video game, Duty for Ashes, his mission to slay the dragon ...
  GT: 20.0 | PDA: 20.0 | OK | Running: 18/20 (90.0%)

[21/500] Q: Thomas, Toby, and Rebecca worked a total of 157 hours in one week.  Thomas worke...
  GT: 56.0 | PDA: 56.0 | OK | Running: 19/21 (90.5%)

[22/500] Q: Taegan goes to a carnival where she wins tickets from each of the 5 carnival gam...
  GT: 1.0 | PDA: 1.0 | OK | Running: 20/22 (90.9%)

[23/500] Q: Corna wants to buy a shirt. The store buys the shirt for $20, but charges 30% fo...
  GT: 13.0 | PDA: 13.0 | OK | Running: 21/23 (91.3%)

[24/500] Q: McKenna has 34 stuffed animals. Kenley has twice as many as McKenna.  Tenly has ...
  GT: 175.0 | PDA: 175.0 | OK | Running: 22/24 (91.7%)

[25/500] Q: 5 squirrels collected 575 acorns. If each squirrel needs 130 acorns to get throu...
  GT: 15.0 | PDA: 15.0 | OK | Running: 23/25 (92.0%)

[26/500] Q: Allie's making guacamole for a party. Each batch requires 4 avocados and serves ...
  GT: 28.0 | PDA: 28.0 | OK | Running: 24/26 (92.3%)

[27/500] Q: It was Trevor's job to collect fresh eggs from the family's 4 chickens every mor...
  GT: 9.0 | PDA: 9.0 | OK | Running: 25/27 (92.6%)

[28/500] Q: The chicken crossed the road to get to the other side twice for the thrill of it...
  GT: 5217.0 | PDA: 5217.0 | OK | Running: 26/28 (92.9%)

[29/500] Q: Frank invites his friends over to play video games. He bakes a pan of brownies b...
  GT: 3.0 | PDA: 3.0 | OK | Running: 27/29 (93.1%)

[30/500] Q: Jason's dog has a tail that's half the length of its body, and a head that's 1/6...
  GT: 9.0 | PDA: 9.0 | OK | Running: 28/30 (93.3%)

[31/500] Q: There are 14 green papayas on the papaya tree.  On Friday, two of the fruits tur...
  GT: 8.0 | PDA: 8.0 | OK | Running: 29/31 (93.5%)

[32/500] Q: Out of 804 senior high school students, 75% passed their exams and so got their ...
  GT: 201.0 | PDA: 201.0 | OK | Running: 30/32 (93.8%)

[33/500] Q: Every 4 weeks, Helen hand washes her silk pillowcases.  It takes 30 minutes to h...
  GT: 390.0 | PDA: 390.0 | OK | Running: 31/33 (93.9%)

[34/500] Q: Amy biked 12 miles yesterday. If she biked 3 miles less than twice as far as yes...
  GT: 33.0 | PDA: 33.0 | OK | Running: 32/34 (94.1%)

[35/500] Q: Meghan had money in the following denomination: 2 $100 bills, 5 $50 bills, and 1...
  GT: 550.0 | PDA: 550.0 | OK | Running: 33/35 (94.3%)

[36/500] Q: A pack of pretzels costs $4, while a pack of chips is 75% more expensive. Maciek...
  GT: 22.0 | PDA: 22.0 | OK | Running: 34/36 (94.4%)

[37/500] Q: Melony makes $21 of profit every time she sells 3 shirts and four times as much ...
  GT: 175.0 | PDA: 175.0 | OK | Running: 35/37 (94.6%)

[38/500] Q: There were 80 people at a football game on Saturday. On Monday, 20 fewer people ...
  GT: 40.0 | PDA: 40.0 | OK | Running: 36/38 (94.7%)

[39/500] Q: Ivan had $10 and spent 1/5 of it on cupcakes. He then spent some money on a milk...
  GT: 5.0 | PDA: 5.0 | OK | Running: 37/39 (94.9%)

[40/500] Q: Mary is trying to get Zoom set up for the first time. She spent 10 minutes downl...
  GT: 82.0 | PDA: 82.0 | OK | Running: 38/40 (95.0%)

[41/500] Q: Kantana loves chocolate. Every Saturday she goes to the candy store and buys 2 c...
  GT: 22.0 | PDA: 22.0 | OK | Running: 39/41 (95.1%)

[42/500] Q: After uploading her video to Youtube, Kallie received 4000 views on the first da...
  GT: 94000.0 | PDA: 94000.0 | OK | Running: 40/42 (95.2%)

[43/500] Q: Tom opens an amusement park.  It cost $100,000 to open initially.  It also cost ...
  GT: 200.0 | PDA: 200.0 | OK | Running: 41/43 (95.3%)

[44/500] Q: Rayden bought three times as many ducks as Lily from the market. He also bought ...
  GT: 70.0 | PDA: 70.0 | OK | Running: 42/44 (95.5%)

[45/500] Q: For the gala luncheon planning committee, Margaret wants to serve chicken salad ...
  GT: 32.0 | PDA: 32.0 | OK | Running: 43/45 (95.6%)

[46/500] Q: A busy restaurant is counting how many customers they had during that Friday to ...
  GT: 574.0 | PDA: 574.0 | OK | Running: 44/46 (95.7%)

[47/500] Q: John decides to buy a month's supply of dog treats.  He gives his dog 2 treats a...
  GT: 6.0 | PDA: 6.0 | OK | Running: 45/47 (95.7%)

[48/500] Q: Janet bought some muffins at the bakery. Each muffin is 75 cents. Janet paid $20...
  GT: 12.0 | PDA: 12.0 | OK | Running: 46/48 (95.8%)

[49/500] Q: One necklace is worth $34. Bob decided to buy one for his wife. But, he also bou...
  GT: 3.0 | PDA: 3.0 | OK | Running: 47/49 (95.9%)

[50/500] Q: CJ, KJ, and AJ collect stamps.  CJ has 5 more than twice the number of stamps th...
  GT: 370.0 | PDA: 370.0 | OK | Running: 48/50 (96.0%)

[51/500] Q: If Billy and Jenny each order a $20 steak along with a $5 drink, how much will B...
  GT: 8.0 | PDA: 8.0 | OK | Running: 49/51 (96.1%)

[52/500] Q: Micah, Dean, and Jake are all training for a marathon organized by a local NGO t...
  GT: 23.0 | PDA: 40.5 | WRONG | Running: 49/52 (94.2%)

[53/500] Q: Bart fills out surveys to earn money. He receives $0.2 for every question he ans...
  GT: 14.0 | PDA: 14.0 | OK | Running: 50/53 (94.3%)

[54/500] Q: Bella is making bracelets for her 6 friends. She needs 8 beads per bracelet. She...
  GT: 12.0 | PDA: 12.0 | OK | Running: 51/54 (94.4%)

[55/500] Q: The bus driver drives an average of 2 hours each day, 5 days a week. From Monday...
  GT: 108.0 | PDA: 108.0 | OK | Running: 52/55 (94.5%)

[56/500] Q: Mary was working on a research paper and already had borrowed 5 books from the l...
  GT: 12.0 | PDA: 12.0 | OK | Running: 53/56 (94.6%)

[57/500] Q: Abie had 20 bags of chips. She gave 4 bags to her friend and bought another 6 ba...
  GT: 22.0 | PDA: 22.0 | OK | Running: 54/57 (94.7%)

[58/500] Q: Charley has a bag that contains 51 white beads and 90 black beads. He reaches in...
  GT: 32.0 | PDA: 32.0 | OK | Running: 55/58 (94.8%)

[59/500] Q: Zack's number of marbles can be divided equally among three people, leaving Zack...
  GT: 65.0 | PDA: 65.0 | OK | Running: 56/59 (94.9%)

[60/500] Q: Emily bought 9 packs of candy necklaces to give her classmates at school for Val...
  GT: 4.0 | PDA: 4.0 | OK | Running: 57/60 (95.0%)

[61/500] Q: Mr. Sanchez found out that 40% of his Grade 5  students got a final grade below ...
  GT: 36.0 | PDA: 36.0 | OK | Running: 58/61 (95.1%)

[62/500] Q: Abigail is trying a new recipe for a cold drink. It uses 1/4 of a cup of iced te...
  GT: 15.0 | PDA: 15.0 | OK | Running: 59/62 (95.2%)

[63/500] Q: Martin went to a store to buy a new television set. He decided to spend no more ...
  GT: 280.0 | PDA: 280.0 | OK | Running: 60/63 (95.2%)

[64/500] Q: Jane, Kyla, and Anthony have summer jobs in a resort. Their task is to fold gues...
  GT: 87.0 | PDA: 87.0 | OK | Running: 61/64 (95.3%)

[65/500] Q: 40% of the mosquitos in Jack's area are infected with malaria. 20% of the mosqui...
  GT: 15.0 | PDA: 20.0 | WRONG | Running: 61/65 (93.8%)

[66/500] Q: Josh and Anna were both born on August 17th, but in different years. To consolid...
  GT: 28.0 | PDA: 28.0 | OK | Running: 62/66 (93.9%)

[67/500] Q: Tom plays an online trading card game.  His deck has 19 rare cards, 11 uncommon,...
  GT: 32.0 | PDA: 32.0 | OK | Running: 63/67 (94.0%)

[68/500] Q: After Bella’s ballet performance, she received 2 dozen roses from her parents, a...
  GT: 44.0 | PDA: 44.0 | OK | Running: 64/68 (94.1%)

[69/500] Q: In a 5-day Fishing competition, Jackson was able to reel a total of 6 fishes per...
  GT: 90.0 | PDA: 90.0 | OK | Running: 65/69 (94.2%)

[70/500] Q: On Thursday Walmart sold 210 pounds of ground beef. On Friday they sold twice th...
  GT: 260.0 | PDA: 260.0 | OK | Running: 66/70 (94.3%)

[71/500] Q: Clayton plays basketball on a team. He has played three games so far. In the fir...
  GT: 40.0 | PDA: 40.0 | OK | Running: 67/71 (94.4%)

[72/500] Q: Chris has twelve marbles, and Ryan has twenty-eight marbles. If they put marbles...
  GT: 20.0 | PDA: 20.0 | OK | Running: 68/72 (94.4%)

[73/500] Q: Tim decides to start selling necklaces he makes.  He uses 10 charms to make each...
  GT: 1500.0 | PDA: 1500.0 | OK | Running: 69/73 (94.5%)

[74/500] Q: In a jar that has 50 ants, the number of ants in the jar doubles each hour. How ...
  GT: 1600.0 | PDA: 1600.0 | OK | Running: 70/74 (94.6%)

[75/500] Q: The base of a hill located beside a river is 300m above the seabed. If this dept...
  GT: 900.0 | PDA: 900.0 | OK | Running: 71/75 (94.7%)

[76/500] Q: Don buys recyclable bottles in a small town. Shop A normally sells him 150 bottl...
  GT: 220.0 | PDA: 220.0 | OK | Running: 72/76 (94.7%)

[77/500] Q: Lena has 16 candy bars. She needs 5 more candy bars to have 3 times as many as K...
  GT: 5.0 | PDA: 5.0 | OK | Running: 73/77 (94.8%)

[78/500] Q: Of the 100 soccer balls that Nova went to inflate, 40 percent had holes in them ...
  GT: 48.0 | PDA: 48.0 | OK | Running: 74/78 (94.9%)

[79/500] Q: Amanda and her family are going to re-paint all the walls inside their house. Be...
  GT: 8.0 | PDA: 8.0 | OK | Running: 75/79 (94.9%)

[80/500] Q: Mr. and Mrs. McPherson have to renew their rent by the end of the year. They agr...
  GT: 840.0 | PDA: 840.0 | OK | Running: 76/80 (95.0%)

[81/500] Q: A library cabinet houses five ancient scrolls. The first scroll is 4080 years ol...
  GT: 20655.0 | PDA: 20655.0 | OK | Running: 77/81 (95.1%)

[82/500] Q: A convenience store sells 180  gallons of soda a week.  They buy syrup boxes tha...
  GT: 240.0 | PDA: 240.0 | OK | Running: 78/82 (95.1%)

[83/500] Q: Of 96 oranges, half were ripe. If 1/4 of the ripe oranges were eaten and 1/8 of ...
  GT: 78.0 | PDA: 78.0 | OK | Running: 79/83 (95.2%)

[84/500] Q: A monkey swings from branch to branch at an average distance of 1.2 meters per s...
  GT: 2160.0 | PDA: 2160.0 | OK | Running: 80/84 (95.2%)

[85/500] Q: Five friends eat at a fast-food chain and order the following: 5 pieces of hambu...
  GT: 5.0 | PDA: 5.0 | OK | Running: 81/85 (95.3%)

[86/500] Q: Amber is trying to decide if she wants to spend her $7 on candy or chips. She de...
  GT: 85.0 | PDA: 85.0 | OK | Running: 82/86 (95.3%)

[87/500] Q: During a commercial break in the Super Bowl, there were three 5-minute commercia...
  GT: 37.0 | PDA: 37.0 | OK | Running: 83/87 (95.4%)

[88/500] Q: There are 40 ducks in a pond.  50 percent of the ducks are Muscovy and 30 percen...
  GT: 6.0 | PDA: 6.0 | OK | Running: 84/88 (95.5%)

[89/500] Q: A tomato plant has 100 tomatoes. Jane picks 1/4 of that number for use in their ...
  GT: 15.0 | PDA: 15.0 | OK | Running: 85/89 (95.5%)

[90/500] Q: Oleg is an event organizer. He is organizing an event with 80 guests where 40 of...
  GT: 30.0 | PDA: 30.0 | OK | Running: 86/90 (95.6%)

[91/500] Q: An aqua park charges $12 admission and $6 for a tour. A group of 10 people goes ...
  GT: 240.0 | PDA: 240.0 | OK | Running: 87/91 (95.6%)

[92/500] Q: There are 4,000 jelly beans in a jar. If three fourths of the jelly beans are re...
  GT: 750.0 | PDA: 750.0 | OK | Running: 88/92 (95.7%)

[93/500] Q: Nina makes one-of-a-kind jewelry and sells it at a local boutique.  She charges ...
  GT: 565.0 | PDA: 465.0 | WRONG | Running: 88/93 (94.6%)

[94/500] Q: 10 boxes each contain 50 bottles of water.  Each bottle has a capacity of 12 lit...
  GT: 4500.0 | PDA: 4500.0 | OK | Running: 89/94 (94.7%)

[95/500] Q: If there are two pennies in each of the twelve compartments of Roshesmina's pigg...
  GT: 96.0 | PDA: 96.0 | OK | Running: 90/95 (94.7%)

[96/500] Q: Three plastic chairs cost as much as a portable table. Five plastic chairs cost ...
  GT: 45.0 | PDA: 45.0 | OK | Running: 91/96 (94.8%)

[97/500] Q: In Fifi's closet, she hangs all of her clothes on colored plastic hangers.  She ...
  GT: 16.0 | PDA: 16.0 | OK | Running: 92/97 (94.8%)

[98/500] Q: A housewife goes to the market. She spent 2/3 of her $150. How much does she hav...
  GT: 50.0 | PDA: 50.0 | OK | Running: 93/98 (94.9%)

[99/500] Q: Laran has started a poster business. She is selling 5 posters per day at school....
  GT: 95.0 | PDA: 95.0 | OK | Running: 94/99 (94.9%)

[100/500] Q: Lars owns a bakeshop. She can bake 10 loaves of bread within an hour and 30 bagu...
  GT: 150.0 | PDA: 60.0 | WRONG | Running: 94/100 (94.0%)

[101/500] Q: Lily has 5 lottery tickets to sell.  She sells the first ticket for $1.  She the...
  GT: 11.0 | PDA: 11.0 | OK | Running: 95/101 (94.1%)

[102/500] Q: A movie theater company is advertising a deal of a movie ticket, a bucket of pop...
  GT: 2.0 | PDA: 2.0 | OK | Running: 96/102 (94.1%)

[103/500] Q: Bronson decides to collect Oak Leaves from around his Neighborhood. He collects ...
  GT: 15.0 | PDA: 15.0 | OK | Running: 97/103 (94.2%)

[104/500] Q: The pet store can buy a goldfish for $.25 and sell it for $.75. The owner plans ...
  GT: 110.0 | PDA: 110.0 | OK | Running: 98/104 (94.2%)

[105/500] Q: Aunt May milks her cows twice a day. This morning she got 365 gallons of milk. T...
  GT: 148.0 | PDA: 148.0 | OK | Running: 99/105 (94.3%)

[106/500] Q: John uses 5 liters of fuel per km to travel. How many liters of fuel should John...
  GT: 250.0 | PDA: 250.0 | OK | Running: 100/106 (94.3%)

[107/500] Q: June found 2 birds nest with 5 eggs each in 1 tree and 1 nest with 3 eggs in ano...
  GT: 17.0 | PDA: 17.0 | OK | Running: 101/107 (94.4%)

[108/500] Q: Nine members of the crafts club are making 2 necklaces each. It takes 50 beads t...
  GT: 900.0 | PDA: 900.0 | OK | Running: 102/108 (94.4%)

[109/500] Q: John travels 150 miles in 2 hours.  The speed limit is 60 mph.  How many mph abo...
  GT: 15.0 | PDA: 15.0 | OK | Running: 103/109 (94.5%)

[110/500] Q: Mabel is counting sharks in the ocean. She knows that of the fish that she sees,...
  GT: 15.0 | PDA: 15.0 | OK | Running: 104/110 (94.5%)

[111/500] Q: Marianne was 20 years old when Bella was 8 years old. How old will Marianne be w...
  GT: 30.0 | PDA: 30.0 | OK | Running: 105/111 (94.6%)

[112/500] Q: Bert, Ernie, and Peggy collect stamps.  Bert has four times as many stamps as Er...
  GT: 825.0 | PDA: 825.0 | OK | Running: 106/112 (94.6%)

[113/500] Q: Steve has decided to become a baker. On Mondays, Wednesdays and Fridays, he bake...
  GT: 12.0 | PDA: 12.0 | OK | Running: 107/113 (94.7%)

[114/500] Q: Melissa wants to make some dresses to sell at the upcoming festival. She has 56 ...
  GT: 42.0 | PDA: 42.0 | OK | Running: 108/114 (94.7%)

[115/500] Q: John watches a TV show and they announce they are going to do 1 more season.  Ea...
  GT: 112.0 | PDA: 112.0 | OK | Running: 109/115 (94.8%)

[116/500] Q: The Dark Lord needs to transport 1200 pounds of swords to the Enchanted Forest f...
  GT: 15.0 | PDA: 15.0 | OK | Running: 110/116 (94.8%)

[117/500] Q: Rachel and Sara want to attend a beauty and modeling contest. They both want to ...
  GT: 500.0 | PDA: 500.0 | OK | Running: 111/117 (94.9%)

[118/500] Q: Hayden has a tank with a small hole in the bottom. The tank starts with 40 gallo...
  GT: 36.0 | PDA: 36.0 | OK | Running: 112/118 (94.9%)

[119/500] Q: Ice cream costs $2.00 and toppings cost $0.50 per topping. How much does a sunda...
  GT: 7.0 | PDA: 7.0 | OK | Running: 113/119 (95.0%)

[120/500] Q: Russel and Jen went to the circus. Jen played a shooting game twice, while Russe...
  GT: 19.0 | PDA: 19.0 | OK | Running: 114/120 (95.0%)

[121/500] Q: James turned 23 the same time John turned 35.  Tim is 5 years less than twice Jo...
  GT: 25.0 | PDA: 30.0 | WRONG | Running: 114/121 (94.2%)

[122/500] Q: Jennifer's boyfriend left 5 texts about the grocery shopping, 5 times more texts...
  GT: 33.0 | PDA: 33.0 | OK | Running: 115/122 (94.3%)

[123/500] Q: On a particular week, Fatima's restaurant served 25 people food and drinks, and ...
  GT: 10.0 | PDA: 10.0 | OK | Running: 116/123 (94.3%)

[124/500] Q: During one game, a total of 50 people attended a baseball team’s games. Forty pe...
  GT: 3.0 | PDA: 13.0 | WRONG | Running: 116/124 (93.5%)

[125/500] Q: Matthew, the baker, arrives at work early every morning to make his famous caram...
  GT: 5.0 | PDA: 5.0 | OK | Running: 117/125 (93.6%)

[126/500] Q: Four people in a law firm are planning a party. Mary will buy a platter of pasta...
  GT: 1.0 | PDA: 1.0 | OK | Running: 118/126 (93.7%)

[127/500] Q: Joe played catch with Derek and Tammy. He caught the ball 23 times. Derek made f...
  GT: 30.0 | PDA: 30.0 | OK | Running: 119/127 (93.7%)

[128/500] Q: Bob gets paid $5 an hour for the regular hours he works and $6 an hour for any o...
  GT: 472.0 | PDA: 472.0 | OK | Running: 120/128 (93.8%)

[129/500] Q: Anika has 4 more than twice the number of pencils as Reeta. If Reeta has 20 penc...
  GT: 64.0 | PDA: 64.0 | OK | Running: 121/129 (93.8%)

[130/500] Q: Beth had 150 students in her 10th-grade class.  The following year 30 more stude...
  GT: 165.0 | PDA: 165.0 | OK | Running: 122/130 (93.8%)

[131/500] Q: Matt did his homework for 150 minutes. He spent 30% of that time on math and 40%...
  GT: 45.0 | PDA: 45.0 | OK | Running: 123/131 (93.9%)

[132/500] Q: Shawna has 7 acorns. Sheila has 5 times as many acorns as Shawna, but 3 fewer ac...
  GT: 80.0 | PDA: 80.0 | OK | Running: 124/132 (93.9%)

[133/500] Q: Harly's animal shelter has 80 dogs. She adopts out 40% of them but then has to t...
  GT: 53.0 | PDA: 53.0 | OK | Running: 125/133 (94.0%)

[134/500] Q: At Sunshine Orchard, there are 12 more than three times the number of pumpkins a...
  GT: 54.0 | PDA: 54.0 | OK | Running: 126/134 (94.0%)

[135/500] Q: I run 12 miles in 90 minutes. What is my average speed in miles per hour?...
  GT: 8.0 | PDA: 8.0 | OK | Running: 127/135 (94.1%)

[136/500] Q: New York is two-thirds as populated as all of New England. If New England has 21...
  GT: 3500000.0 | PDA: 3500000.0 | OK | Running: 128/136 (94.1%)

[137/500] Q: John's neighbor tells him to walk his dog for 1 hour each day for a total of $10...
  GT: 160.0 | PDA: 160.0 | OK | Running: 129/137 (94.2%)

[138/500] Q: James injured his ankle and decides to slowly start working back up to his previ...
  GT: 3.0 | PDA: 39.0 | WRONG | Running: 129/138 (93.5%)

[139/500] Q: Megan is making food for a party.  She has to spend 20 minutes preparing one dis...
  GT: 30.0 | PDA: 30.0 | OK | Running: 130/139 (93.5%)

[140/500] Q: There's a sale at your favorite "Any item $10" retailer. If you buy 1 shirt you ...
  GT: 11.0 | PDA: 11.0 | OK | Running: 131/140 (93.6%)

[141/500] Q: Mason, Noah and Jacob want to have an eating contest but can't agree on what foo...
  GT: 30.0 | PDA: 30.0 | OK | Running: 132/141 (93.6%)

[142/500] Q: The price of a home is $98 per square foot (sq ft).  The house is 2,400 sq ft an...
  GT: 333200.0 | PDA: 333200.0 | OK | Running: 133/142 (93.7%)

[143/500] Q: Adam has 50 balls. 20 balls are red, 10 are blue, and the rest are either pink o...
  GT: 5.0 | PDA: 5.0 | OK | Running: 134/143 (93.7%)

[144/500] Q: It takes Jennifer 20 minutes to groom each of her 2 long hair dachshunds.  If sh...
  GT: 20.0 | PDA: 20.0 | OK | Running: 135/144 (93.8%)

[145/500] Q: While camping, Cyrus counted 14 mosquito bites on his arms and legs. He later co...
  GT: 2.0 | PDA: 2.0 | OK | Running: 136/145 (93.8%)

[146/500] Q: Ms. Jones got thank you cards from 30% of her class. 1/3 of these contained a gi...
  GT: 50.0 | PDA: 50.0 | OK | Running: 137/146 (93.8%)

[147/500] Q: Mary is writing a story, and wants her 60 characters to be split according to th...
  GT: 10.0 | PDA: 10.0 | OK | Running: 138/147 (93.9%)

[148/500] Q: It takes Polly 20 minutes to cook breakfast every day. She spends 5 minutes cook...
  GT: 305.0 | PDA: 305.0 | OK | Running: 139/148 (93.9%)

[149/500] Q: Sandi had $600. She spent half of it at a farmer’s market. Gillian spent $150 mo...
  GT: 1050.0 | PDA: 1050.0 | OK | Running: 140/149 (94.0%)

[150/500] Q: An apartment building has 12 floors and half of them are full. The remaining flo...
  GT: 360.0 | PDA: 360.0 | OK | Running: 141/150 (94.0%)

[151/500] Q: Leif’s apple tree has 14 apples and his orange tree has 2 dozen oranges.  How ma...
  GT: 10.0 | PDA: 10.0 | OK | Running: 142/151 (94.0%)

[152/500] Q: Jules is walking dogs to help pay for his family's vacation. The vacation costs ...
  GT: 128.0 | PDA: 128.0 | OK | Running: 143/152 (94.1%)

[153/500] Q: Tom is binge-watching a show on Netflix. The show has 90 episodes, each one of w...
  GT: 15.0 | PDA: 15.0 | OK | Running: 144/153 (94.1%)

[154/500] Q: Jim is a maintenance worker at a pool. Every time someone jumps in the pool, the...
  GT: 1000.0 | PDA: 1000.0 | OK | Running: 145/154 (94.2%)

[155/500] Q: Trevor buys three bouquets of carnations. The first included 9 carnations, and t...
  GT: 13.0 | PDA: 13.0 | OK | Running: 146/155 (94.2%)

[156/500] Q: Brianne saves $10 in January. Each month, she saves twice as much as her previou...
  GT: 160.0 | PDA: 160.0 | OK | Running: 147/156 (94.2%)

[157/500] Q: Kerry is ready to celebrate his birthday and wants to have three cakes with his ...
  GT: 8.0 | PDA: 8.0 | OK | Running: 148/157 (94.3%)

[158/500] Q: Brittany, Alex, and Jamy all share 600 marbles divided between them in the ratio...
  GT: 260.0 | PDA: 260.0 | OK | Running: 149/158 (94.3%)

[159/500] Q: A company has 200 employees.  60% of the employees drive to work.  Of the employ...
  GT: 40.0 | PDA: 80.0 | WRONG | Running: 149/159 (93.7%)

[160/500] Q: Ellis is going to take a road trip with her family. First, she needs to figure o...
  GT: 32.0 | PDA: 32.0 | OK | Running: 150/160 (93.8%)

[161/500] Q: A store offers a $2 discount for every $10 purchase on any item in the store. Ka...
  GT: 128.0 | PDA: 128.0 | OK | Running: 151/161 (93.8%)

[162/500] Q: Chad sandwiches 2 crackers with a scoop of peanut butter.  He has 5 of these cra...
  GT: 56.0 | PDA: 56.0 | OK | Running: 152/162 (93.8%)

[163/500] Q: Johnny buys 15 packs of colored pencils for his class. Each pack has a red, yell...
  GT: 21.0 | PDA: 21.0 | OK | Running: 153/163 (93.9%)

[164/500] Q: Nancy has a bag containing 22 tortilla chips. She gives 7 tortilla chips to her ...
  GT: 10.0 | PDA: 10.0 | OK | Running: 154/164 (93.9%)

[165/500] Q: Gilbert, the bearded dragon, eats 4 crickets per week when the temperature avera...
  GT: 72.0 | PDA: 72.0 | OK | Running: 155/165 (93.9%)

[166/500] Q: Two companies A and B, are selling bottled milk. Company A sells a big bottle fo...
  GT: 25.0 | PDA: 25.0 | OK | Running: 156/166 (94.0%)

[167/500] Q: A bathroom has 10 6 inch tiles along its width and 20 6 inch tiles along its len...
  GT: 50.0 | PDA: 50.0 | OK | Running: 157/167 (94.0%)

[168/500] Q: Madison makes 30 paper boats and sets them afloat. 20% are eaten by fish and Mad...
  GT: 22.0 | PDA: 22.0 | OK | Running: 158/168 (94.0%)

[169/500] Q: Matt is playing basketball. In the first quarter, he made 2-point shots four tim...
  GT: 14.0 | PDA: 14.0 | OK | Running: 159/169 (94.1%)

[170/500] Q: Mike began to train to play basketball every day for a tournament. One day he pl...
  GT: 35.0 | PDA: 35.0 | OK | Running: 160/170 (94.1%)

[171/500] Q: Randy had some money. Smith gave him another $200. Randy then gave Sally $1,200 ...
  GT: 3000.0 | PDA: 3000.0 | OK | Running: 161/171 (94.2%)

[172/500] Q: James had two browsers on his computer. In each browser, he opened three windows...
  GT: 60.0 | PDA: 60.0 | OK | Running: 162/172 (94.2%)

[173/500] Q: Ruby was going to order pizza for dinner.  Her son would only eat pepperoni pizz...
  GT: 39.0 | PDA: 39.0 | OK | Running: 163/173 (94.2%)

[174/500] Q: It takes 50 large jelly beans to fill up a large drinking glass.  It takes half ...
  GT: 325.0 | PDA: 325.0 | OK | Running: 164/174 (94.3%)

[175/500] Q: Uncle Jude baked 256 cookies. He gave 15 cookies to Tim, 23 cookies to Mike, kep...
  GT: 188.0 | PDA: 188.0 | OK | Running: 165/175 (94.3%)

[176/500] Q: Apple can run at a rate of 3 miles per hour. Mac can run at a rate of 4 miles pe...
  GT: 120.0 | PDA: 120.0 | OK | Running: 166/176 (94.3%)

[177/500] Q: Mark buys a loaf of bread for $4.20 and some cheese for $2.05. He gives the cash...
  GT: 8.0 | PDA: 8.0 | OK | Running: 167/177 (94.4%)

[178/500] Q: Bob is tilling a plot of his garden. The plot is 110 feet wide by 120 feet long....
  GT: 220.0 | PDA: 220.0 | OK | Running: 168/178 (94.4%)

[179/500] Q: Zoe goes to the store to buy soda and pizza for herself and her 5 family members...
  GT: 9.0 | PDA: 9.0 | OK | Running: 169/179 (94.4%)

[180/500] Q: It takes Dawn 2 hours to paint 1 watercolor painting.  She was recently commissi...
  GT: 150.0 | PDA: 150.0 | OK | Running: 170/180 (94.4%)

[181/500] Q: There were 18 stamps in Parker’s scrapbook. If Addie put one fourth of her 72 st...
  GT: 36.0 | PDA: 36.0 | OK | Running: 171/181 (94.5%)

[182/500] Q: Jim decides to open up a bike shop.  The most common repair he does is fixing bi...
  GT: 3000.0 | PDA: 3000.0 | OK | Running: 172/182 (94.5%)

[183/500] Q: A secretary who has been working for 6 years and who earns €10,000 a month has o...
  GT: 10200.0 | PDA: 10200.0 | OK | Running: 173/183 (94.5%)

[184/500] Q: Mike gets paid 100 dollars a week.  He decides to spend half of that at an arcad...
  GT: 300.0 | PDA: 300.0 | OK | Running: 174/184 (94.6%)

[185/500] Q: In a hotdog eating competition, the first competitor can eat 10 hot dogs per min...
  GT: 300.0 | PDA: 300.0 | OK | Running: 175/185 (94.6%)

[186/500] Q: John buys a gaming PC for $1200.  He decides to replace the video card in it. He...
  GT: 1400.0 | PDA: 1400.0 | OK | Running: 176/186 (94.6%)

[187/500] Q: Nancy takes 3 antacids per day when she eats Indian food, 2 antacids per day whe...
  GT: 60.0 | PDA: 60.0 | OK | Running: 177/187 (94.7%)

[188/500] Q: If Patty's dress was $10 more than Ida's dress, and Ida's dress was $30 more tha...
  GT: 160.0 | PDA: 160.0 | OK | Running: 178/188 (94.7%)

[189/500] Q: Alex had 36 ounces of jelly beans. He ate 6 ounces. Then he divided the rest equ...
  GT: 10.0 | PDA: 10.0 | OK | Running: 179/189 (94.7%)

[190/500] Q: Louis is making himself a velvet suit for a formal event. The velvet fabric he c...
  GT: 5.0 | PDA: 5.0 | OK | Running: 180/190 (94.7%)

[191/500] Q: A couple's wedding reception had 180 people. The bride and groom had each invite...
  GT: 100.0 | PDA: 98.0 | WRONG | Running: 180/191 (94.2%)

[192/500] Q: An apple tree produces 40 apples in its first year.  The second year the apple t...
  GT: 194.0 | PDA: 194.0 | OK | Running: 181/192 (94.3%)

[193/500] Q: Missy watches 5 28-minute reality shows and one 10-minute cartoon. How long does...
  GT: 150.0 | PDA: 150.0 | OK | Running: 182/193 (94.3%)

[194/500] Q: Melissa is repairing her shoes. For each shoe, it takes her 5 minutes to replace...
  GT: 30.0 | PDA: 30.0 | OK | Running: 183/194 (94.3%)

[195/500] Q: While passing by a store, Miley noticed that a bag that cost $150 last week is n...
  GT: 10.0 | PDA: 10.0 | OK | Running: 184/195 (94.4%)

[196/500] Q: Fiona completed 36 math questions in an hour. Shirley was able to complete twice...
  GT: 324.0 | PDA: 324.0 | OK | Running: 185/196 (94.4%)

[197/500] Q: On a three-day trip, Wendy drove 125 miles on the first day, and 223 miles on th...
  GT: 145.0 | PDA: 145.0 | OK | Running: 186/197 (94.4%)

[198/500] Q: Tonya spent $90.00 on art supplies.  4 canvases cost $40.00 and a mixed set of p...
  GT: 15.0 | PDA: 15.0 | OK | Running: 187/198 (94.4%)

[199/500] Q: Four classmates were comparing their ages based on their birth month. They found...
  GT: 5.0 | PDA: 5.0 | OK | Running: 188/199 (94.5%)

[200/500] Q: Claire was in charge of passing out free balloons to all the children at the fai...
  GT: 39.0 | PDA: 39.0 | OK | Running: 189/200 (94.5%)

[201/500] Q: Mr. Wells has a garden of flowers with 50 rows. If each row has 400 flowers and ...
  GT: 8000.0 | PDA: 8000.0 | OK | Running: 190/201 (94.5%)

[202/500] Q: Tony loved to solve difficult pen and paper puzzles.  He did a warm-up puzzle th...
  GT: 70.0 | PDA: 70.0 | OK | Running: 191/202 (94.6%)

[203/500] Q: Judy uses 10 pencils during her 5 day school week. A 30 pack of pencils costs $4...
  GT: 12.0 | PDA: 12.0 | OK | Running: 192/203 (94.6%)

[204/500] Q: Smith’s Bakery sold 6 more than four times the number of pies that Mcgee’s Baker...
  GT: 70.0 | PDA: 70.0 | OK | Running: 193/204 (94.6%)

[205/500] Q: A store sells 20 packets of 100 grams of sugar every week. How many kilograms of...
  GT: 2.0 | PDA: 2.0 | OK | Running: 194/205 (94.6%)

[206/500] Q: A tailor purchased buttons for the clothes. She bought 90 green buttons, 10 more...
  GT: 275.0 | PDA: 275.0 | OK | Running: 195/206 (94.7%)

[207/500] Q: Mrs. Oaklyn buys handmade rugs at $40 each and sells them at $60 each. If she bo...
  GT: 400.0 | PDA: 400.0 | OK | Running: 196/207 (94.7%)

[208/500] Q: The coffee shop sold 8 more than four times the number of lattes as it did teas....
  GT: 32.0 | PDA: 32.0 | OK | Running: 197/208 (94.7%)

[209/500] Q: A cheetah can run at a top speed of 60 mph.  The gazelle can run for speeds of u...
  GT: 7.0 | PDA: 7.0 | OK | Running: 198/209 (94.7%)

[210/500] Q: It will take Richard and Sarah 3 years to save enough for a down payment on a ho...
  GT: 1500.0 | PDA: 1500.0 | OK | Running: 199/210 (94.8%)

[211/500] Q: Summer and Jolly both went to the same middle school. However, when they finishe...
  GT: 295.0 | PDA: 295.0 | OK | Running: 200/211 (94.8%)

[212/500] Q: Colin ran his first mile in 6 minutes.  He ran his next two miles in 5 minutes e...
  GT: 5.0 | PDA: 5.0 | OK | Running: 201/212 (94.8%)

[213/500] Q: Jennifer is building tanks to hold her goldfish. She built 3 tanks that will hol...
  GT: 3.0 | PDA: 3.0 | OK | Running: 202/213 (94.8%)

[214/500] Q: John decides to go back to school to get his PhD.  He first takes 1 year of cour...
  GT: 7.0 | PDA: 7.0 | OK | Running: 203/214 (94.9%)

[215/500] Q: One hundred chips were divided by Ian and Lyle in the ratio 4:6. What percentage...
  GT: 60.0 | PDA: 60.0 | OK | Running: 204/215 (94.9%)

[216/500] Q: Brennan was researching his school project and had to download files from the in...
  GT: 400.0 | PDA: 400.0 | OK | Running: 205/216 (94.9%)

[217/500] Q: Chris bought 8 movies on DVD for $12 each and 4 movies on Blu-ray for $18 each. ...
  GT: 14.0 | PDA: 14.0 | OK | Running: 206/217 (94.9%)

[218/500] Q: Farmer Steven needs to load his truck up with compost.  His tractor can scoop up...
  GT: 30.0 | PDA: 30.0 | OK | Running: 207/218 (95.0%)

[219/500] Q: If there are four times as many apples as oranges in a certain fruit basket and ...
  GT: 50.0 | PDA: 12.5 | WRONG | Running: 207/219 (94.5%)

[220/500] Q: Clara is climbing to the top of a historical tower with stone stairs. Each level...
  GT: 4.0 | PDA: 4.0 | OK | Running: 208/220 (94.5%)

[221/500] Q: Delta, Beta and Gamma decided to share 40 donuts. Delta took 8 donuts and Beta t...
  GT: 8.0 | PDA: 8.0 | OK | Running: 209/221 (94.6%)

[222/500] Q: Jason has a moray eel that eats 20 guppies a day and 5 betta fish who each eat 7...
  GT: 55.0 | PDA: 55.0 | OK | Running: 210/222 (94.6%)

[223/500] Q: Cristobal read 15 more than three times the pages that Beatrix read. If Beatrix ...
  GT: 1423.0 | PDA: 1423.0 | OK | Running: 211/223 (94.6%)

[224/500] Q: The running time of Beast of War: Armoured Command is 10 minutes longer than tha...
  GT: 100.0 | PDA: 100.0 | OK | Running: 212/224 (94.6%)

[225/500] Q: Jessica was trying to win a gift card to her favorite store.  To win, she had to...
  GT: 126.0 | PDA: 126.0 | OK | Running: 213/225 (94.7%)

[226/500] Q: Jackson is making pancakes with three ingredients: flour, milk and eggs. 20% of ...
  GT: 24.0 | PDA: 25.0 | WRONG | Running: 213/226 (94.2%)

[227/500] Q: Five shirts are bought. Of the 5 shirts, there are 3 shirts that cost $15 each. ...
  GT: 85.0 | PDA: 85.0 | OK | Running: 214/227 (94.3%)

[228/500] Q: Jerry works as an independent contractor for a company that pays him $40 per tas...
  GT: 1400.0 | PDA: 1400.0 | OK | Running: 215/228 (94.3%)

[229/500] Q: At its current growth rate, a certain plant will be 80 feet tall after a year. I...
  GT: 5.0 | PDA: 5.0 | OK | Running: 216/229 (94.3%)

[230/500] Q: A man drives 60 mph for 3 hours.  How fast would he have to drive over the next ...
  GT: 85.0 | PDA: 85.0 | OK | Running: 217/230 (94.3%)

[231/500] Q: Farrah ordered 4 boxes from Amazon containing 20 matchboxes each. If each matchb...
  GT: 24000.0 | PDA: 24000.0 | OK | Running: 218/231 (94.4%)

[232/500] Q: Mica went to the grocery store and bought 2 kilograms of pasta that costs $1.5; ...
  GT: 15.0 | PDA: 15.0 | OK | Running: 219/232 (94.4%)

[233/500] Q: Toby is making toast and adding peanut butter to it. He wants to make sure he ha...
  GT: 2.0 | PDA: 2.0 | OK | Running: 220/233 (94.4%)

[234/500] Q: There are 480 zombies in the shopping mall. If the number of zombies doubled eve...
  GT: 4.0 | PDA: 4.0 | OK | Running: 221/234 (94.4%)

[235/500] Q: Mabel has 5 daisies in her garden, and each daisy has 8 petals.  If she gives 2 ...
  GT: 24.0 | PDA: 24.0 | OK | Running: 222/235 (94.5%)

[236/500] Q: Jane picked 64 apples at the orchard. She sorted them into 4 different baskets t...
  GT: 13.0 | PDA: 13.0 | OK | Running: 223/236 (94.5%)

[237/500] Q: A family just bought a newborn puppy that must eat a special type of dog food un...
  GT: 17.0 | PDA: 17.0 | OK | Running: 224/237 (94.5%)

[238/500] Q: Hugh had eight pounds of candy, Tommy had six pounds of candy, and Melany had se...
  GT: 7.0 | PDA: 7.0 | OK | Running: 225/238 (94.5%)

[239/500] Q: Francine wants to know if a local chemical plant is releasing toxic waste that m...
  GT: 33.0 | PDA: 33.0 | OK | Running: 226/239 (94.6%)

[240/500] Q: Jonathan enjoys walking and running for exercise, and he has three different exe...
  GT: 6.0 | PDA: 6.0 | OK | Running: 227/240 (94.6%)

[241/500] Q: Rory has 30 more jellybeans than her sister Gigi who has 15 jellybeans.  Lorelai...
  GT: 180.0 | PDA: 180.0 | OK | Running: 228/241 (94.6%)

[242/500] Q: Two old ladies spent the afternoon walking through Central Park.  The first lady...
  GT: 12.0 | PDA: 12.0 | OK | Running: 229/242 (94.6%)

[243/500] Q: The average score on last week's Spanish test was 90.  Marco scored 10% less tha...
  GT: 86.0 | PDA: 86.0 | OK | Running: 230/243 (94.7%)

[244/500] Q: The age of Gladys is equal to twice the sum of the ages of Billy and Lucas. Bill...
  GT: 8.0 | PDA: 8.0 | OK | Running: 231/244 (94.7%)

[245/500] Q: Carter is twice as tall as his 24” tall dog.  Betty is 12” shorter than Carter. ...
  GT: 3.0 | PDA: 3.0 | OK | Running: 232/245 (94.7%)

[246/500] Q: James and John combine their friends lists.  James has 75 friends.  John has 3 t...
  GT: 275.0 | PDA: 275.0 | OK | Running: 233/246 (94.7%)

[247/500] Q: Marcus, Humphrey, and Darrel are bird watching. Marcus sees 7 birds, Humphrey se...
  GT: 9.0 | PDA: 9.0 | OK | Running: 234/247 (94.7%)

[248/500] Q: Dallas and Austin went to the pick-your-own orchard. Dallas picked 14 bags of ap...
  GT: 24.0 | PDA: 24.0 | OK | Running: 235/248 (94.8%)

[249/500] Q: John weighs one-quarter times more than what Mary weighs. Mary weighs 20 lbs les...
  GT: 540.0 | PDA: 540.0 | OK | Running: 236/249 (94.8%)

[250/500] Q: Jade and Krista went on a road trip for 3 days. On each day Jade had to drive 8 ...
  GT: 42.0 | PDA: 42.0 | OK | Running: 237/250 (94.8%)

[251/500] Q: For a school fundraiser, Chandler needs to sell 12 rolls of wrapping paper. So f...
  GT: 2.0 | PDA: 2.0 | OK | Running: 238/251 (94.8%)

[252/500] Q: Roe saved $10 per month from January to July and saved $15 per month from August...
  GT: 20.0 | PDA: 20.0 | OK | Running: 239/252 (94.8%)

[253/500] Q: Sophia ate 1/6 of her pie and she put the rest on the fridge. If the pie left in...
  GT: 240.0 | PDA: 240.0 | OK | Running: 240/253 (94.9%)

[254/500] Q: When Diane turns 30, she will be half the age of Alex and twice as old as Alliso...
  GT: 47.0 | PDA: 47.0 | OK | Running: 241/254 (94.9%)

[255/500] Q: The flowers cost $9, the clay pot costs $20 more than the flower, and the bag of...
  GT: 45.0 | PDA: 45.0 | OK | Running: 242/255 (94.9%)

[256/500] Q: There is a fruit display that has apples, oranges, and bananas.  There are twice...
  GT: 35.0 | PDA: 35.0 | OK | Running: 243/256 (94.9%)

[257/500] Q: A watermelon stand sold 46 watermelons. Seventeen customers bought one melon, th...
  GT: 10.0 | PDA: 10.0 | OK | Running: 244/257 (94.9%)

[258/500] Q: A newspaper subscription costs $10/month. If you purchase an annual subscription...
  GT: 96.0 | PDA: 96.0 | OK | Running: 245/258 (95.0%)

[259/500] Q: Hector purchased a container of gumballs.  He gave 4 to Todd, then he gave twice...
  GT: 45.0 | PDA: 45.0 | OK | Running: 246/259 (95.0%)

[260/500] Q: Ellie has found an old bicycle in a field and thinks it just needs some oil to w...
  GT: 25.0 | PDA: 25.0 | OK | Running: 247/260 (95.0%)

[261/500] Q: Marnie opens a bag of chips and eats 5 of them to see if she likes them. She doe...
  GT: 10.0 | PDA: 10.0 | OK | Running: 248/261 (95.0%)

[262/500] Q: The difference in age between Declan's elder son and younger son is 10 years. If...
  GT: 60.0 | PDA: 60.0 | OK | Running: 249/262 (95.0%)

[263/500] Q: The faucet in Betsy's bathroom is broken. Every minute it drips about 10 times. ...
  GT: 30.0 | PDA: 30.0 | OK | Running: 250/263 (95.1%)

[264/500] Q: How many apples did two men and three women buy at a certain store if the two me...
  GT: 210.0 | PDA: 210.0 | OK | Running: 251/264 (95.1%)

[265/500] Q: Caleb and Cynthia are filling up their inflatable pool with water using buckets....
  GT: 7.0 | PDA: 7.0 | OK | Running: 252/265 (95.1%)

[266/500] Q: Ral is twice as old as Suri. In 3 years, Suri's current age will be 16. What is ...
  GT: 26.0 | PDA: 26.0 | OK | Running: 253/266 (95.1%)

[267/500] Q: The school is hosting a race after school. The winner is the person who runs the...
  GT: 7.0 | PDA: 7.0 | OK | Running: 254/267 (95.1%)

[268/500] Q: Keith scored 3 points on the math test. Larry scored 3 times as many marks. Dann...
  GT: 26.0 | PDA: 26.0 | OK | Running: 255/268 (95.1%)

[269/500] Q: Daniel has 5 jars of juice containing 2 liters each. He wants to serve a full gl...
  GT: 40.0 | PDA: 40.0 | OK | Running: 256/269 (95.2%)

[270/500] Q: Wyatt has 10 blue envelopes. He has 4 fewer yellow envelopes than blue envelopes...
  GT: 16.0 | PDA: 16.0 | OK | Running: 257/270 (95.2%)

[271/500] Q: Harper has 15 rubber bands. His brother has 6 fewer rubber bands than he has. Ho...
  GT: 24.0 | PDA: 24.0 | OK | Running: 258/271 (95.2%)

[272/500] Q: Tyrah has six times as many pencils as Sarah has. Tim has eight times as many pe...
  GT: 16.0 | PDA: 16.0 | OK | Running: 259/272 (95.2%)

[273/500] Q: Jennifer wants to go to a museum. There is one 5 miles away from her home and on...
  GT: 40.0 | PDA: 40.0 | OK | Running: 260/273 (95.2%)

[274/500] Q: Kristine has 7 more CDs than Dawn. If Dawn has 10 CDs, how many CDs do they have...
  GT: 27.0 | PDA: 27.0 | OK | Running: 261/274 (95.3%)

[275/500] Q: A store owner repacked his oils into 200 mL bottles. He was able to make 20 bott...
  GT: 4.0 | PDA: 4.0 | OK | Running: 262/275 (95.3%)

[276/500] Q: Robert and Teddy are planning to buy snacks for their friends.  Robert orders fi...
  GT: 106.0 | PDA: 108.0 | WRONG | Running: 262/276 (94.9%)

[277/500] Q: Jenny leaves her house at 8:00 with some cupcakes for her daughter's birthday pa...
  GT: 10.0 | PDA: 15.0 | WRONG | Running: 262/277 (94.6%)

[278/500] Q: If Katherine has 4 apples and 3 times as many pears in her fridge, how many bana...
  GT: 5.0 | PDA: 5.0 | OK | Running: 263/278 (94.6%)

[279/500] Q: Tom originally was only able to lift 80  kg farmer handles per hand.  After some...
  GT: 352.0 | PDA: 352.0 | OK | Running: 264/279 (94.6%)

[280/500] Q: Ellen’s doctor instructed her to eat a 2,200 calorie a day diet. For breakfast, ...
  GT: 832.0 | PDA: 832.0 | OK | Running: 265/280 (94.6%)

[281/500] Q: There are 10 cars parked in a mall’s parking lot, each with the same number of c...
  GT: 5.0 | PDA: 5.0 | OK | Running: 266/281 (94.7%)

[282/500] Q: To make a cherry pie, Veronica needs 3 pounds of pitted cherries.  There are 80 ...
  GT: 2.0 | PDA: 2.0 | OK | Running: 267/282 (94.7%)

[283/500] Q: 36 liters of diesel fuel is worth €18. The tank of this pickup truck can hold 64...
  GT: 32.0 | PDA: 32.0 | OK | Running: 268/283 (94.7%)

[284/500] Q: One student on a field trip counted 12 squirrels. Another counted a third more s...
  GT: 28.0 | PDA: 28.0 | OK | Running: 269/284 (94.7%)

[285/500] Q: Every Halloween one house in the neighborhood gives out toothbrushes instead of ...
  GT: 225.0 | PDA: 225.0 | OK | Running: 270/285 (94.7%)

[286/500] Q: Mr. Banks and Ms. Elizabeth are entrepreneurs who invest in different income str...
  GT: 500.0 | PDA: 500.0 | OK | Running: 271/286 (94.8%)

[287/500] Q: Karen is packing her backpack for a long-distance hike. She packs 20 pounds of w...
  GT: 34.0 | PDA: 34.0 | OK | Running: 272/287 (94.8%)

[288/500] Q: Hannah is making banana bread. She needs to use 3 cups of flour for every cup of...
  GT: 15.0 | PDA: 15.0 | OK | Running: 273/288 (94.8%)

[289/500] Q: Every day in a week, Siena bookmarks 30 website pages from the research she does...
  GT: 1330.0 | PDA: 1330.0 | OK | Running: 274/289 (94.8%)

[290/500] Q: John and his two brothers decide to split the cost of an apartment.  It is 40% m...
  GT: 7680.0 | PDA: 13440.0 | WRONG | Running: 274/290 (94.5%)

[291/500] Q: Mary bought six apples from the store. From the apples she bought, for each that...
  GT: 2.0 | PDA: 2.0 | OK | Running: 275/291 (94.5%)

[292/500] Q: Madeline needs $1200 to pay rent, $400 for groceries, $200 for medical expenses,...
  GT: 138.0 | PDA: 137.33 | WRONG | Running: 275/292 (94.2%)

[293/500] Q: A book has 8 chapters. Beth has read 2 chapters in 3 hours. If she continues rea...
  GT: 9.0 | PDA: 9.0 | OK | Running: 276/293 (94.2%)

[294/500] Q: Joan wants to visit her family who live 480 miles away.  If she drives at a rate...
  GT: 9.0 | PDA: 9.0 | OK | Running: 277/294 (94.2%)

[295/500] Q: June liked to collect cat stickers.  She had a total of 76 in her collection.  H...
  GT: 189.0 | PDA: 189.0 | OK | Running: 278/295 (94.2%)

[296/500] Q: Tyrone empties his piggy bank and finds two $1 bills, a $5 bill, 13 quarters, 20...
  GT: 13.0 | PDA: 13.0 | OK | Running: 279/296 (94.3%)

[297/500] Q: John gave his fiancee a $4000 ring on their engagement day, a $2000 car as a gif...
  GT: 14000.0 | PDA: 14000.0 | OK | Running: 280/297 (94.3%)

[298/500] Q: Delores has $450. She buys a computer for $400 and a printer for $40. How much m...
  GT: 10.0 | PDA: 10.0 | OK | Running: 281/298 (94.3%)

[299/500] Q: In a section of the forest, there are 100 weasels and 50 rabbits. Three foxes in...
  GT: 96.0 | PDA: 96.0 | OK | Running: 282/299 (94.3%)

[300/500] Q: Enrique has 2 132 contracts that he needs to shred.  His paper shredder will onl...
  GT: 44.0 | PDA: 356.0 | WRONG | Running: 282/300 (94.0%)

[301/500] Q: David is taking a data analytics course that lasts for 24 weeks. The course cons...
  GT: 336.0 | PDA: 336.0 | OK | Running: 283/301 (94.0%)

[302/500] Q: A box of chocolate bars was shared equally between Mike, Rita and Anita. If the ...
  GT: 8.0 | PDA: 8.0 | OK | Running: 284/302 (94.0%)

[303/500] Q: Sam and Drew have a combined age of 54. Sam is half of Drew's age. How old is Sa...
  GT: 18.0 | PDA: 18.0 | OK | Running: 285/303 (94.1%)

[304/500] Q: Angel has written letters to all of her pen pals and is putting all of the lette...
  GT: 30.0 | PDA: 30.0 | OK | Running: 286/304 (94.1%)

[305/500] Q: Daisy is a poodle puppy who loves to play with her dog toys. She often loses the...
  GT: 13.0 | PDA: 13.0 | OK | Running: 287/305 (94.1%)

[306/500] Q: In a car dealership with 600 cars, 60% of the cars are hybrids, and 40% of the h...
  GT: 216.0 | PDA: 216.0 | OK | Running: 288/306 (94.1%)

[307/500] Q: Nancy replaced all of the old vinyl tiles in her bathroom with new hardwood floo...
  GT: 124.0 | PDA: 124.0 | OK | Running: 289/307 (94.1%)

[308/500] Q: Alex gets paid $500 a week and 10% of his weekly income is deducted as tax. He a...
  GT: 345.0 | PDA: 345.0 | OK | Running: 290/308 (94.2%)

[309/500] Q: Carla works at a food bank and she currently has stocked up 2000 cans of food. O...
  GT: 2500.0 | PDA: 2500.0 | OK | Running: 291/309 (94.2%)

[310/500] Q: Scott, Mary, and Ken committed to raising $4,000 for their local children’s canc...
  GT: 600.0 | PDA: 600.0 | OK | Running: 292/310 (94.2%)

[311/500] Q: Briar is attending a one-week community empowerment event and has to take a cab ...
  GT: 7000.0 | PDA: 7000.0 | OK | Running: 293/311 (94.2%)

[312/500] Q: Janice's office is on the third floor, and she has to walk up 3 flights of stair...
  GT: 24.0 | PDA: 24.0 | OK | Running: 294/312 (94.2%)

[313/500] Q: Dino does some online gig work for a living.  He works 20 hours a month making $...
  GT: 500.0 | PDA: 500.0 | OK | Running: 295/313 (94.2%)

[314/500] Q: Five people are planning a party. Sonja will buy a loaf of French bread ($3 a lo...
  GT: 7.0 | PDA: 7.0 | OK | Running: 296/314 (94.3%)

[315/500] Q: There are two babysitters named Mila and Agnes. Mila makes $10 an hour while Agn...
  GT: 48.0 | PDA: 48.0 | OK | Running: 297/315 (94.3%)

[316/500] Q: Every hour Joanne has to collect the coins out of the fountain inside the mall. ...
  GT: 120.0 | PDA: 85.0 | WRONG | Running: 297/316 (94.0%)

[317/500] Q: Oliver is working out in a gym. On Monday he worked out for 4 hours, and the nex...
  GT: 18.0 | PDA: 18.0 | OK | Running: 298/317 (94.0%)

[318/500] Q: A wood stove burns 4 bundles of wood in the morning, then some more in the after...
  GT: 3.0 | PDA: 3.0 | OK | Running: 299/318 (94.0%)

[319/500] Q: In Everlee's family, there are two adults and four children. In a cookie jar, th...
  GT: 20.0 | PDA: 20.0 | OK | Running: 300/319 (94.0%)

[320/500] Q: Sally eats 2 sandwiches on Saturday and 1 sandwich on Sunday. If each sandwich u...
  GT: 6.0 | PDA: 6.0 | OK | Running: 301/320 (94.1%)

[321/500] Q: Martin eats 1/2 cup of berries every day.  The grocery store is selling a packag...
  GT: 30.0 | PDA: 30.0 | OK | Running: 302/321 (94.1%)

[322/500] Q: John's dog has a litter of 8 puppies.  He gives away half of them.  He keeps one...
  GT: 1500.0 | PDA: 1500.0 | OK | Running: 303/322 (94.1%)

[323/500] Q: Martha gets prize points every time she shops at her local grocery store. She ge...
  GT: 850.0 | PDA: 850.0 | OK | Running: 304/323 (94.1%)

[324/500] Q: Carmen needs $7 more to have twice the amount of money that Jethro has. Meanwhil...
  GT: 113.0 | PDA: 113.0 | OK | Running: 305/324 (94.1%)

[325/500] Q: Janele wants to figure out the average weight of her cats. She has 4 of them. Th...
  GT: 12.0 | PDA: 12.0 | OK | Running: 306/325 (94.2%)

[326/500] Q: James writes from 1 PM to 4 PM every night.  He can write 5 pages per hour.  How...
  GT: 7.0 | PDA: 7.0 | OK | Running: 307/326 (94.2%)

[327/500] Q: It takes Bryan 5 minutes to walk from his house to the bus station. Then he ride...
  GT: 365.0 | PDA: 365.0 | OK | Running: 308/327 (94.2%)

[328/500] Q: Toby is counting goldfish in the local pond. He knows that only 25% of goldfish ...
  GT: 45.0 | PDA: 45.0 | OK | Running: 309/328 (94.2%)

[329/500] Q: Kendra has 4 packs of pens. Tony has 2 packs of pens. There are 3 pens in each p...
  GT: 14.0 | PDA: 14.0 | OK | Running: 310/329 (94.2%)

[330/500] Q: Steve is building a bench for the playground and needs 6 lengths of wood that me...
  GT: 28.0 | PDA: 28.0 | OK | Running: 311/330 (94.2%)

[331/500] Q: James and Lisa ordered 2 small pizzas. Each pizza has 6 slices. James ate 2/3 of...
  GT: 8.0 | PDA: 8.0 | OK | Running: 312/331 (94.3%)

[332/500] Q: Chad bought 6 packages of cat food and 2 packages of dog food. Each package of c...
  GT: 48.0 | PDA: 48.0 | OK | Running: 313/332 (94.3%)

[333/500] Q: Katy participated in a summer reading program at her local library. She read 8 b...
  GT: 37.0 | PDA: 37.0 | OK | Running: 314/333 (94.3%)

[334/500] Q: Laura’s House is a 20-mile round trip from her school. The supermarket is 10 mil...
  GT: 220.0 | PDA: 160.0 | WRONG | Running: 314/334 (94.0%)

[335/500] Q: Lisa was collecting socks to donate to a homeless shelter. She bought 12 pairs a...
  GT: 80.0 | PDA: 80.0 | OK | Running: 315/335 (94.0%)

[336/500] Q: Susan earned $600 from babysitting over the summer. She went shopping and spent ...
  GT: 150.0 | PDA: 150.0 | OK | Running: 316/336 (94.0%)

[337/500] Q: Elisa and her two friends went out to dinner. Each of them ordered a meal worth ...
  GT: 5.0 | PDA: 5.0 | OK | Running: 317/337 (94.1%)

[338/500] Q: Cecil has $600. Catherine has $250 less than twice as much as Cecil while Carmel...
  GT: 2800.0 | PDA: 2800.0 | OK | Running: 318/338 (94.1%)

[339/500] Q: Jim collects model cars, and he has 301 models total.  Jim has 4 times as many B...
  GT: 220.0 | PDA: 220.0 | OK | Running: 319/339 (94.1%)

[340/500] Q: A class has 60 students. The number of students who bring their lunch is thrice ...
  GT: 20.0 | PDA: 20.0 | OK | Running: 320/340 (94.1%)

[341/500] Q: Roy has 2 blue pens. He has twice as many black and 2 less than twice as many re...
  GT: 12.0 | PDA: 12.0 | OK | Running: 321/341 (94.1%)

[342/500] Q: Reynald is the head of the varsity department, and he bought 145 balls. Twenty w...
  GT: 30.0 | PDA: 30.0 | OK | Running: 322/342 (94.2%)

[343/500] Q: There are twice as many centipedes as humans on a certain island and half as man...
  GT: 75.0 | PDA: 75.0 | OK | Running: 323/343 (94.2%)

[344/500] Q: Yesterday, Sarah collected 50 aluminum cans while Lara collected 30 more aluminu...
  GT: 20.0 | PDA: 20.0 | OK | Running: 324/344 (94.2%)

[345/500] Q: Mike and John dined at the Taco Palace restaurant.  They each ordered the Taco G...
  GT: 24.0 | PDA: 24.0 | OK | Running: 325/345 (94.2%)

[346/500] Q: In a classroom of 81 students, two-thirds are wearing striped shirts while the o...
  GT: 8.0 | PDA: 8.0 | OK | Running: 326/346 (94.2%)

[347/500] Q: Bob has planted corn in his garden, and it has just started to sprout. A week af...
  GT: 22.0 | PDA: 22.0 | OK | Running: 327/347 (94.2%)

[348/500] Q: Janet pays $40/hour for 3 hours per week of clarinet lessons and $28/hour for 5 ...
  GT: 1040.0 | PDA: 1040.0 | OK | Running: 328/348 (94.3%)

[349/500] Q: Before Marcus went on a road trip to LA, his car had 1728 miles on it. He filled...
  GT: 2928.0 | PDA: 2928.0 | OK | Running: 329/349 (94.3%)

[350/500] Q: An airplane took a trip along the Eastern Coast of the USA. During the trip, the...
  GT: 24.0 | PDA: 24.0 | OK | Running: 330/350 (94.3%)

[351/500] Q: Paula has 20 candies to be given out to her six friends. She needs to buy four a...
  GT: 4.0 | PDA: 4.0 | OK | Running: 331/351 (94.3%)

[352/500] Q: Sol sells candy bars to raise money for her softball team. On the first day, she...
  GT: 12.0 | PDA: 12.0 | OK | Running: 332/352 (94.3%)

[353/500] Q: There are 4 wolves out hunting for the pack. The pack contains 16 additional wol...
  GT: 1.0 | PDA: 1.0 | OK | Running: 333/353 (94.3%)

[354/500] Q: Selina is selling some of her old clothes to a second-hand store. They will buy ...
  GT: 5.0 | PDA: 5.0 | OK | Running: 334/354 (94.4%)

[355/500] Q: An air conditioner running for eight hours would consume 7.2 kilowatts. How many...
  GT: 27.0 | PDA: 27.0 | OK | Running: 335/355 (94.4%)

[356/500] Q: Stan weighs 5 more pounds than Steve. Steve is eight pounds lighter than Jim. If...
  GT: 319.0 | PDA: 319.0 | OK | Running: 336/356 (94.4%)

[357/500] Q: Carl is taking a class where the whole grade is based on four tests that are gra...
  GT: 95.0 | PDA: 95.0 | OK | Running: 337/357 (94.4%)

[358/500] Q: When Nathan is cold, he adds an extra blanket to his bed. Each blanket warms him...
  GT: 21.0 | PDA: 21.0 | OK | Running: 338/358 (94.4%)

[359/500] Q: Walmart sells a multitool with a screwdriver, 3 knives, and two other tools. Tar...
  GT: 5.0 | PDA: 5.0 | OK | Running: 339/359 (94.4%)

[360/500] Q: James buys 100 tennis balls and gives half of them away.  The other half he puts...
  GT: 10.0 | PDA: 10.0 | OK | Running: 340/360 (94.4%)

[361/500] Q: A 40 meters rope was cut into 2 parts in the ratio of 2:3. How long is the short...
  GT: 16.0 | PDA: 16.0 | OK | Running: 341/361 (94.5%)

[362/500] Q: Lucy has $65 in the bank. She made a $15 deposit and then followed by a $4 withd...
  GT: 76.0 | PDA: 76.0 | OK | Running: 342/362 (94.5%)

[363/500] Q: Louise is organizing her pencils, and decides she wants her boxes arranged by co...
  GT: 8.0 | PDA: 8.0 | OK | Running: 343/363 (94.5%)

[364/500] Q: To get the printer to work, Jerry needs to add a black-and-white cartridge and t...
  GT: 123.0 | PDA: 123.0 | OK | Running: 344/364 (94.5%)

[365/500] Q: Maddie watches 8 episodes of a TV show this week. Each episode is about 44 minut...
  GT: 105.0 | PDA: 105.0 | OK | Running: 345/365 (94.5%)

[366/500] Q: Lagoon island is populated by alligators. Half the alligators are male. The rest...
  GT: 25.0 | PDA: 25.0 | OK | Running: 346/366 (94.5%)

[367/500] Q: The school is organizing a trip to the museum. 4 buses were hired to take the ch...
  GT: 75.0 | PDA: 75.0 | OK | Running: 347/367 (94.6%)

[368/500] Q: A plumber bought 10 meters of copper and 5 more meters of plastic pipe. If each ...
  GT: 100.0 | PDA: 60.0 | WRONG | Running: 347/368 (94.3%)

[369/500] Q: A casino table pays 3:2 if you get a blackjack with your first 2 cards. If you s...
  GT: 40.0 | PDA: 40.0 | OK | Running: 348/369 (94.3%)

[370/500] Q: Nick is 13 years old. His sister is 6 years older and their brother is half thei...
  GT: 21.0 | PDA: 21.0 | OK | Running: 349/370 (94.3%)

[371/500] Q: There are 50 marbles in a box which has a mixture of white, red and blue marbles...
  GT: 40.0 | PDA: 40.0 | OK | Running: 350/371 (94.3%)

[372/500] Q: Winston had 10 gallons of gas in his car’s gas tank. He drives to the store and ...
  GT: 10.0 | PDA: 10.0 | OK | Running: 351/372 (94.4%)

[373/500] Q: Jamie and Oliver are planning to go on a vacation. A plane ticket costs $24 for ...
  GT: 120.0 | PDA: 120.0 | OK | Running: 352/373 (94.4%)

[374/500] Q: Clive opens a box full of different colored balls.   The box contains 6 blue bal...
  GT: 36.0 | PDA: 36.0 | OK | Running: 353/374 (94.4%)

[375/500] Q: Marky owns a computer accessory shop. For this month, half of their sales are wi...
  GT: 20.0 | PDA: 20.0 | OK | Running: 354/375 (94.4%)

[376/500] Q: Gina is figuring out how much she'll have to spend on college this year. She's t...
  GT: 7100.0 | PDA: 7100.0 | OK | Running: 355/376 (94.4%)

[377/500] Q: Cleo and Ignacio placed 30 of their marbles in a jar on a Monday. They took 3/5 ...
  GT: 15.0 | PDA: 15.0 | OK | Running: 356/377 (94.4%)

[378/500] Q: A restaurant makes 40 more pizzas than hot dogs every day. If the restaurant mak...
  GT: 4800.0 | PDA: 4800.0 | OK | Running: 357/378 (94.4%)

[379/500] Q: Milo is making a giant loaf of bread, and the recipe calls for pounds of eggs in...
  GT: 8.0 | PDA: 8.0 | OK | Running: 358/379 (94.5%)

[380/500] Q: It takes 15 mink skins to make a coat. Andy buys 30 minks and each mink has 6 ba...
  GT: 7.0 | PDA: 7.0 | OK | Running: 359/380 (94.5%)

[381/500] Q: Ajax is 80 kilograms. He is planning to lose some weight. Exercising for an hour...
  GT: 134.0 | PDA: 134.0 | OK | Running: 360/381 (94.5%)

[382/500] Q: Henry took 9 pills a day for 14 days. Of these 9 pills, 4 pills cost $1.50 each,...
  GT: 41.0 | PDA: 574.0 | WRONG | Running: 360/382 (94.2%)

[383/500] Q: A man loves to go hiking.  He knows that he has to pack about .5 pounds of suppl...
  GT: 40.0 | PDA: 40.0 | OK | Running: 361/383 (94.3%)

[384/500] Q: Mr. Callen bought 10 paintings at $40 each and 8 wooden toys at $20 each from th...
  GT: 64.0 | PDA: 64.0 | OK | Running: 362/384 (94.3%)

[385/500] Q: A store transports fresh vegetables in crates and cartons using its delivery tru...
  GT: 96.0 | PDA: 96.0 | OK | Running: 363/385 (94.3%)

[386/500] Q: A local farm is famous for having lots of double yolks in their eggs. One carton...
  GT: 17.0 | PDA: 17.0 | OK | Running: 364/386 (94.3%)

[387/500] Q: Henry wants to buy a t-shirt, a pair of jeans and a pair of socks. The jeans are...
  GT: 30.0 | PDA: 30.0 | OK | Running: 365/387 (94.3%)

[388/500] Q: Miggy's mom brought home 3 bags of birthday hats. Each bag has 15 hats. Miggy ac...
  GT: 15.0 | PDA: 15.0 | OK | Running: 366/388 (94.3%)

[389/500] Q: A farm has 5 less than 9 times the amount of hens as roosters.  If there are 75 ...
  GT: 67.0 | PDA: 67.0 | OK | Running: 367/389 (94.3%)

[390/500] Q: For a New Year’s Eve appetizer, Alex is serving caviar with potato chips and cre...
  GT: 27.0 | PDA: 27.0 | OK | Running: 368/390 (94.4%)

[391/500] Q: At a garage sale, Tish bought 4 items: a red horseshoe magnet, two stuffed anima...
  GT: 6.0 | PDA: 6.0 | OK | Running: 369/391 (94.4%)

[392/500] Q: James buys 3 CDs.  Two of them are 1.5 hours each.  The last one is twice that l...
  GT: 6.0 | PDA: 6.0 | OK | Running: 370/392 (94.4%)

[393/500] Q: Susan loves chairs. In her house there are red chairs, yellow chairs, and blue c...
  GT: 43.0 | PDA: 43.0 | OK | Running: 371/393 (94.4%)

[394/500] Q: It's Yvette's turn to treat herself and her three best friends to a round of ice...
  GT: 42.0 | PDA: 42.0 | OK | Running: 372/394 (94.4%)

[395/500] Q: Samuel is driving to San Francisco’s Comic-Con in his car and he needs to travel...
  GT: 130.0 | PDA: 130.0 | OK | Running: 373/395 (94.4%)

[396/500] Q: Oliver has two bags of vegetables. Each bag weighs 1/6 as much as James’s bag, w...
  GT: 6.0 | PDA: 6.0 | OK | Running: 374/396 (94.4%)

[397/500] Q: Jerry’s two daughters play softball on different teams. They each have 8 games t...
  GT: 96.0 | PDA: 96.0 | OK | Running: 375/397 (94.5%)

[398/500] Q: There are 248 pages in a book. Joanna can read 16 pages per hour. On Monday, she...
  GT: 6.0 | PDA: 6.0 | OK | Running: 376/398 (94.5%)

[399/500] Q: Gail has two fish tanks. The first tank is twice the size of the second tank. Th...
  GT: 3.0 | PDA: 3.0 | OK | Running: 377/399 (94.5%)

[400/500] Q: Nathan is buying decorations for his wedding reception. The reception hall will ...
  GT: 3500.0 | PDA: 3500.0 | OK | Running: 378/400 (94.5%)

[401/500] Q: Lana had 8 blank pages left in her binder, but she knew she would need more for ...
  GT: 29.0 | PDA: 29.0 | OK | Running: 379/401 (94.5%)

[402/500] Q: Julie works at a restaurant that pays her an hourly rate of $5. She works 8 hour...
  GT: 920.0 | PDA: 920.0 | OK | Running: 380/402 (94.5%)

[403/500] Q: For every white duck at the lake there are 5 fish.  For every black duck there a...
  GT: 157.0 | PDA: 157.0 | OK | Running: 381/403 (94.5%)

[404/500] Q: Joshua, Jose, and Albert are collecting rocks. Joshua collected 80 rocks while J...
  GT: 6.0 | PDA: 6.0 | OK | Running: 382/404 (94.6%)

[405/500] Q: At the family reunion, everyone ate too much food and gained weight.  Orlando ga...
  GT: 20.0 | PDA: 20.0 | OK | Running: 383/405 (94.6%)

[406/500] Q: Kim has 4 dozen shirts.  She lets her sister have 1/3 of them.  How many shirts ...
  GT: 32.0 | PDA: 32.0 | OK | Running: 384/406 (94.6%)

[407/500] Q: If I'm 4 times older than Billy currently, and Billy is 4 years old, how old was...
  GT: 12.0 | PDA: 12.0 | OK | Running: 385/407 (94.6%)

[408/500] Q: A hotel had operations expenses totaling $100. If the hotel received clients who...
  GT: 25.0 | PDA: 25.0 | OK | Running: 386/408 (94.6%)

[409/500] Q: Bob is going to plant corn in part of his garden. The rows are 120 feet long, an...
  GT: 80.0 | PDA: 80.0 | OK | Running: 387/409 (94.6%)

[410/500] Q: Archie holds the school record for most touchdown passes with 89 in a season of ...
  GT: 3.0 | PDA: 3.0 | OK | Running: 388/410 (94.6%)

[411/500] Q: 20 kids in preschool are ready for a nap.  1/2 of the kids fall asleep within th...
  GT: 5.0 | PDA: 5.0 | OK | Running: 389/411 (94.6%)

[412/500] Q: Berry wants to make sure he reads an average of 50 pages a day. This week he rea...
  GT: 88.0 | PDA: 88.0 | OK | Running: 390/412 (94.7%)

[413/500] Q: John's new computer cost $1500.  He needs to get a monitor and other peripherals...
  GT: 2100.0 | PDA: 2100.0 | OK | Running: 391/413 (94.7%)

[414/500] Q: A movie ticket for an adult costs $8, and a child's ticket costs $3. One adult i...
  GT: 9.0 | PDA: 9.0 | OK | Running: 392/414 (94.7%)

[415/500] Q: Dave breaks 2 guitar strings per night when playing live.  If he performs 6 show...
  GT: 144.0 | PDA: 144.0 | OK | Running: 393/415 (94.7%)

[416/500] Q: Jim has a pail with rocks in it. The average weight of a rock is 1.5 pounds. A l...
  GT: 10.0 | PDA: 10.0 | OK | Running: 394/416 (94.7%)

[417/500] Q: A clothing store has an inventory of 34 ties, 40 belts, 63 black shirts, and 42 ...
  GT: 33.0 | PDA: 33.0 | OK | Running: 395/417 (94.7%)

[418/500] Q: Gina and Tom were playing football. On the first day, Gina scored two goals, whi...
  GT: 17.0 | PDA: 17.0 | OK | Running: 396/418 (94.7%)

[419/500] Q: Brayden and Gavin were playing touch football against Cole and Freddy. Touchdown...
  GT: 14.0 | PDA: 14.0 | OK | Running: 397/419 (94.7%)

[420/500] Q: Jen has 10 more ducks than four times the number of chickens. If Jen has 150 duc...
  GT: 185.0 | PDA: 185.0 | OK | Running: 398/420 (94.8%)

[421/500] Q: Teddy is a pillow-maker.  He uses 3 less than 5 pounds of fluffy foam material t...
  GT: 3000.0 | PDA: 3000.0 | OK | Running: 399/421 (94.8%)

[422/500] Q: Mary has 5 green crayons and 8 blue crayons of different shades. If she gives ou...
  GT: 9.0 | PDA: 9.0 | OK | Running: 400/422 (94.8%)

[423/500] Q: On a four-day trip, Carrie drove 135 miles the first day, 124 miles more the sec...
  GT: 7.0 | PDA: 7.0 | OK | Running: 401/423 (94.8%)

[424/500] Q: Natalie has $26 to go shopping. She bought a jumper for $9, a T-shirt for $4, an...
  GT: 8.0 | PDA: 8.0 | OK | Running: 402/424 (94.8%)

[425/500] Q: Liz sold her car at 80% of what she originally paid. She uses the proceeds of th...
  GT: 2500.0 | PDA: 2500.0 | OK | Running: 403/425 (94.8%)

[426/500] Q: Tony drives a car that gets 25 miles to the gallon.  He drives 50 miles round tr...
  GT: 80.0 | PDA: 80.0 | OK | Running: 404/426 (94.8%)

[427/500] Q: Maddie bought 2 packs of white T-shirts and 4 packs of blue T-shirts for her bas...
  GT: 66.0 | PDA: 66.0 | OK | Running: 405/427 (94.8%)

[428/500] Q: Arabella is a dance student learning three new steps this session. Her instructo...
  GT: 90.0 | PDA: 90.0 | OK | Running: 406/428 (94.9%)

[429/500] Q: Toby, the Alaskan Malamute, can pull a sled at a speed of 20 miles per hour if t...
  GT: 39.0 | PDA: 39.0 | OK | Running: 407/429 (94.9%)

[430/500] Q: Jim spends 8 hours scuba diving.  In that time he finds a treasure chest with 10...
  GT: 25.0 | PDA: 25.0 | OK | Running: 408/430 (94.9%)

[431/500] Q: A carpenter is building a house. He needs 80 woodblocks to build it. If he has 8...
  GT: 8.0 | PDA: 8.0 | OK | Running: 409/431 (94.9%)

[432/500] Q: A car driving cross-country traveled 180 miles in 4 hours. At this rate of speed...
  GT: 135.0 | PDA: 135.0 | OK | Running: 410/432 (94.9%)

[433/500] Q: Jose needs 12 tablespoons of lemon juice to make a dozen of his lemon cupcakes. ...
  GT: 9.0 | PDA: 9.0 | OK | Running: 411/433 (94.9%)

[434/500] Q: Every year, four clowns and thirty children go on a carousel. This year, the can...
  GT: 20.0 | PDA: 20.0 | OK | Running: 412/434 (94.9%)

[435/500] Q: Jake's neighbors hire him to mow their lawn and plant some flowers. Mowing the l...
  GT: 45.0 | PDA: 45.0 | OK | Running: 413/435 (94.9%)

[436/500] Q: James has 3 gallons of milk. He drank 13 ounces of the milk. If there are 128 ou...
  GT: 371.0 | PDA: 371.0 | OK | Running: 414/436 (95.0%)

[437/500] Q: At Penny’s bakery, her famous blueberry cheesecakes are $7 a slice.  Each cheese...
  GT: 294.0 | PDA: 294.0 | OK | Running: 415/437 (95.0%)

[438/500] Q: A movie theater charges $5 for matinee tickets, $7 for evening tickets, and $10 ...
  GT: 1670.0 | PDA: 1670.0 | OK | Running: 416/438 (95.0%)

[439/500] Q: There is very little car traffic on Happy Street. During the week, most cars pas...
  GT: 97.0 | PDA: 97.0 | OK | Running: 417/439 (95.0%)

[440/500] Q: Salaria is growing oranges this summer. She bought two types of trees. She has 5...
  GT: 10.0 | PDA: 10.0 | OK | Running: 418/440 (95.0%)

[441/500] Q: A developer was buying land. He bought 4 acres at $1,863 per acre. He then split...
  GT: 828.0 | PDA: 828.0 | OK | Running: 419/441 (95.0%)

[442/500] Q: If Jenna has twice as much money in her bank account as Phil does, and Phil has ...
  GT: 20.0 | PDA: 20.0 | OK | Running: 420/442 (95.0%)

[443/500] Q: Silvia’s bakery is offering 10% on advanced orders over $50.00.  She orders 2 qu...
  GT: 54.0 | PDA: 54.0 | OK | Running: 421/443 (95.0%)

[444/500] Q: Marcus can fit 5 pies in his oven at once. He bakes 7 batches of pies, then slip...
  GT: 27.0 | PDA: 27.0 | OK | Running: 422/444 (95.0%)

[445/500] Q: An unusual bicycle has 20 spokes on the front wheel and twice as many spokes on ...
  GT: 60.0 | PDA: 60.0 | OK | Running: 423/445 (95.1%)

[446/500] Q: Marcos has to get across a 5 mile lake in his speedboat in 10 minutes so he can ...
  GT: 30.0 | PDA: 30.0 | OK | Running: 424/446 (95.1%)

[447/500] Q: Pete's memory card can hold 3,000 pictures of 8 megabytes each. How many picture...
  GT: 4000.0 | PDA: 4000.0 | OK | Running: 425/447 (95.1%)

[448/500] Q: Aren’s flight from New York to Hawaii will take 11 hours 20 minutes.  He spends ...
  GT: 3.0 | PDA: 3.0 | OK | Running: 426/448 (95.1%)

[449/500] Q: Sam shared a sum of money between his three cousins Sandra, Amy and Ruth in the ...
  GT: 100.0 | PDA: 100.0 | OK | Running: 427/449 (95.1%)

[450/500] Q: A doctor needs to give medicine to a child, and he knows that he cannot give the...
  GT: 50.0 | PDA: 50.0 | OK | Running: 428/450 (95.1%)

[451/500] Q: Mr Julien's store has 400 marbles remaining after the previous day's sales. Twen...
  GT: 100.0 | PDA: 100.0 | OK | Running: 429/451 (95.1%)

[452/500] Q: Gina has two bank accounts. Each account has a quarter of the balance in Betty's...
  GT: 1728.0 | PDA: 1728.0 | OK | Running: 430/452 (95.1%)

[453/500] Q: Bob bought 2 show dogs for $250.00 each to breed as a side business.  The female...
  GT: 1600.0 | PDA: 1.0 | WRONG | Running: 430/453 (94.9%)

[454/500] Q: A fruit basket consists of 4 bananas, 3 apples, 24 strawberries, 2 avocados, and...
  GT: 28.0 | PDA: 28.0 | OK | Running: 431/454 (94.9%)

[455/500] Q: A teacher purchased some school supplies that cost $13 and $24. She had the rema...
  GT: 19.0 | PDA: 19.0 | OK | Running: 432/455 (94.9%)

[456/500] Q: Sofia and her mother go to the grocery store and buys 10kgs of oranges to be use...
  GT: 75.0 | PDA: 55.0 | WRONG | Running: 432/456 (94.7%)

[457/500] Q: Rhea buys 2 trays of eggs every week for her family. Her son and daughter eat 2 ...
  GT: 6.0 | PDA: 6.0 | OK | Running: 433/457 (94.7%)

[458/500] Q: At the feline sanctuary, there were 12 lions, 14 tigers, and several cougars.  I...
  GT: 39.0 | PDA: 39.0 | OK | Running: 434/458 (94.8%)

[459/500] Q: Diane bakes four trays with 25 gingerbreads in each tray and three trays with 20...
  GT: 160.0 | PDA: 1.0 | WRONG | Running: 434/459 (94.6%)

[460/500] Q: John attends a protest for 4 days.  He then attends a second protest for 25% lon...
  GT: 9.0 | PDA: 9.0 | OK | Running: 435/460 (94.6%)

[461/500] Q: Maddox and Theo both bought 3 Polaroid Cameras, each sold at $20 per camera from...
  GT: 15.0 | PDA: 15.0 | OK | Running: 436/461 (94.6%)

[462/500] Q: The distance between Robin's house and the city center is 500 meters. He leaves ...
  GT: 900.0 | PDA: 900.0 | OK | Running: 437/462 (94.6%)

[463/500] Q: Tara's taking a road trip for the weekend.  She drives for two days, stopping to...
  GT: 180.0 | PDA: 180.0 | OK | Running: 438/463 (94.6%)

[464/500] Q: The chef has 60 eggs. He puts 10 eggs in the fridge and uses the rest to make ca...
  GT: 10.0 | PDA: 10.0 | OK | Running: 439/464 (94.6%)

[465/500] Q: A train takes 2 hours longer to go an equal distance of a car. If the car and th...
  GT: 11.0 | PDA: 11.0 | OK | Running: 440/465 (94.6%)

[466/500] Q: The number of soldiers on opposite sides of a war each needs 10 pounds of food e...
  GT: 68000.0 | PDA: 68000.0 | OK | Running: 441/466 (94.6%)

[467/500] Q: Mitch has saved $20000 to finance his boating hobby. A new boat costs $1500 per ...
  GT: 12.0 | PDA: 12.0 | OK | Running: 442/467 (94.6%)

[468/500] Q: Bryan starts exercising at home during quarantine. To start, he decides to do 3 ...
  GT: 40.0 | PDA: 40.0 | OK | Running: 443/468 (94.7%)

[469/500] Q: The length of a rectangle is four times its width. If the area is 100 m2. what i...
  GT: 20.0 | PDA: 20.0 | OK | Running: 444/469 (94.7%)

[470/500] Q: Bran's tuition fee is $90. He does a part-time job that pays him $15 per month a...
  GT: 18.0 | PDA: 18.0 | OK | Running: 445/470 (94.7%)

[471/500] Q: Josh had 100 gummy bear candies. He decided to give his 3 siblings 10 candies ea...
  GT: 19.0 | PDA: 19.0 | OK | Running: 446/471 (94.7%)

[472/500] Q: For every 1 minute that Carlotta sings on stage during the final opera performan...
  GT: 54.0 | PDA: 54.0 | OK | Running: 447/472 (94.7%)

[473/500] Q: Sara sent letters to her friend in China every month. She sent 6 letters in Janu...
  GT: 33.0 | PDA: 33.0 | OK | Running: 448/473 (94.7%)

[474/500] Q: The tripodasaurus has three legs. In a flock of tripodasauruses, there is a tota...
  GT: 5.0 | PDA: 5.0 | OK | Running: 449/474 (94.7%)

[475/500] Q: Bennett sells window screens. He sold twice as many window screens in February a...
  GT: 12100.0 | PDA: 12100.0 | OK | Running: 450/475 (94.7%)

[476/500] Q: Bobby needed to make some trips with his truck and had only 12 gallons of gasoli...
  GT: 2.0 | PDA: 2.0 | OK | Running: 451/476 (94.7%)

[477/500] Q: Mr. Shaefer harvested 500 lychees in a carton and took them to the market. He so...
  GT: 100.0 | PDA: 100.0 | OK | Running: 452/477 (94.8%)

[478/500] Q: Calen originally had 5 more pencils than does Caleb, and Caleb has 3 less than t...
  GT: 9.0 | PDA: 9.0 | OK | Running: 453/478 (94.8%)

[479/500] Q: Bill is buying healthcare on an exchange. The normal monthly price of the plan h...
  GT: 3000.0 | PDA: 3000.0 | OK | Running: 454/479 (94.8%)

[480/500] Q: Jim reads at a rate of 40 pages an hour.  He reads a total of 600 pages per week...
  GT: 660.0 | PDA: 660.0 | OK | Running: 455/480 (94.8%)

[481/500] Q: In the fall, 20,000 high school students apply to Harvard University for college...
  GT: 900.0 | PDA: 900.0 | OK | Running: 456/481 (94.8%)

[482/500] Q: For every bike Henry sells, he is paid $8 more than he is paid to paint the bike...
  GT: 144.0 | PDA: 144.0 | OK | Running: 457/482 (94.8%)

[483/500] Q: Last week, a farmer shipped 10 boxes of pomelos which had 240 pomelos in all. Th...
  GT: 60.0 | PDA: 60.0 | OK | Running: 458/483 (94.8%)

[484/500] Q: Alex makes luxury dresses out of silk. Each dress needs 5 meters of silk and Ale...
  GT: 100.0 | PDA: 100.0 | OK | Running: 459/484 (94.8%)

[485/500] Q: Mrs. Gable’s third grade class is on a field trip to the beach. For lunch, Mrs. ...
  GT: 180.0 | PDA: 180.0 | OK | Running: 460/485 (94.8%)

[486/500] Q: Daytona Beach has 26 shark sightings a year. Daytona Beach has 5 more than tripl...
  GT: 7.0 | PDA: 7.0 | OK | Running: 461/486 (94.9%)

[487/500] Q: Dan can get to the center of a lollipop in 58 licks.  Micheal does it in 63 lick...
  GT: 60.0 | PDA: 60.0 | OK | Running: 462/487 (94.9%)

[488/500] Q: A one-year subscription to a newspaper is offered with a 45% discount. How much ...
  GT: 44.0 | PDA: 1.0 | WRONG | Running: 462/488 (94.7%)

[489/500] Q: John reels in 3 crab baskets a week.  Each basket holds 4 crabs.  He collects cr...
  GT: 72.0 | PDA: 72.0 | OK | Running: 463/489 (94.7%)

[490/500] Q: Sienna gave Bailey half of her suckers. Jen ate half and gave the rest to Molly....
  GT: 11.0 | PDA: 11.0 | OK | Running: 464/490 (94.7%)

[491/500] Q: Tyson can swim at a speed of 3 miles per hour in a lake and 2.5 mph in an ocean....
  GT: 11.0 | PDA: 11.0 | OK | Running: 465/491 (94.7%)

[492/500] Q: Jina likes to collect mascots. She has 5 teddies, 3 times more bunnies, and a ko...
  GT: 51.0 | PDA: 51.0 | OK | Running: 466/492 (94.7%)

[493/500] Q: There are 3 boxes of cereal. One box holds 14 ounces of cereal. Another box hold...
  GT: 33.0 | PDA: 33.0 | OK | Running: 467/493 (94.7%)

[494/500] Q: Connie is trying to remember when her grandmother was born. She knows her grandm...
  GT: 1944.0 | PDA: 1944.0 | OK | Running: 468/494 (94.7%)

[495/500] Q: James is building a hall of mirrors. Three of the walls will be completed covere...
  GT: 960.0 | PDA: 960.0 | OK | Running: 469/495 (94.7%)

[496/500] Q: A factory produces 90 refrigerators per hour. It also produces 70 more coolers t...
  GT: 11250.0 | PDA: 11250.0 | OK | Running: 470/496 (94.8%)

[497/500] Q: Tom and Devin have been teaching for a total of 70 years. Devin has been teachin...
  GT: 50.0 | PDA: 50.0 | OK | Running: 471/497 (94.8%)

[498/500] Q: A 1165 cm long rope is cut into 154 pieces. 150 of the pieces are equally sized ...
  GT: 75.0 | PDA: 75.0 | OK | Running: 472/498 (94.8%)

[499/500] Q: Linda owns a store. She sells jeans at 11 dollars each and tees at 8 dollars eac...
  GT: 100.0 | PDA: 100.0 | OK | Running: 473/499 (94.8%)

[500/500] Q: Javier spends 30 minutes outlining his speech, 28 more minutes writing than outl...
  GT: 117.0 | PDA: 117.0 | OK | Running: 474/500 (94.8%)

Done! 474/500 correct (94.8%)
Output: pda_training_data.jsonl
